[*] Legacy split | train=151, val=7 (LF held-out random current)
[*] Normalization cfg restored from resume checkpoint; case P2P scanned on train files
[*] Legacy scalers | x_ref=279.394, x_scale=63.436, di_scale=139.483, f_scale=5986.750
[*] Preloaded train: 151 files | 992,362 samples | approx 0.026 GB tensors
[*] Case weights active for train: min=1.000, max=3.000, mean=1.079
[*] Resumed legacy weights from: D:\OneDrive - mail.scut.edu.cn\Python\MR-NLCSNN\goal_lf2pct_outputs\legacy_repro_120_epochs_20260607_201138\nlcsnn_legacy_best_all_val.pth
[*] Expanded nn_x.0.weight: NFL inputs 119 -> 166; new columns initialized to zero.
[*] Expanded nn_y.0.weight: NFL inputs 119 -> 166; new columns initialized to zero.
[*] Expanded nn_y_direct.weight: NFL inputs 119 -> 166; new columns initialized to zero.
[*] Resume checkpoint score: 3.69%
[*] Resume checkpoint epoch: 117
[*] Architecture changed, using fresh optimizer/scheduler state.
[*] Resume LR override: 0.0001
[*] Legacy repro session: D:\OneDrive - mail.scut.edu.cn\Python\MR-NLCSNN\goal_lf2pct_outputs\legacy_repro_120_epochs_20260609_021353
[*] Device=cuda | model NFL=166, hidden=256, h_dim=12, extra_dynamic_nfl=True, direct_nfl_output=True, slow_gain_nfl=True, hysteresis_gain_nfl=True
[*] epochs=120, chunk_len=500, warmup=200, warmup_once=True, train_window_seconds=5, train_window_random=False, val_warmup_ms=200, lr=0.0001, strict_mask=False, file_batch_size=32, length_buckets=True, h_norm_w=0, dh_norm_w=0, p2p_loss_power=2, gain_loss_w=0, std_gain_loss_w=0
[*] point weights: neg_force=1.5, high_force>0N x1, near_zero_v<0mm/s x1, combo x1
[*] include_step=True, include_hf=True, use_resume_norm=True
[*] validation monitor: every=0, start_seconds=15, max_seconds=5, time_every_seconds=7200, all_val_every=0, all_val_max_files=all, validate_all_on_epoch1=True, periodic_every=10
E[001/120] loss=0.000001 | monitor skipped | all_val mean=3.85% max=4.97% | ||h|| mean=nan max=nan | lr=0.0001 | 334.5s
